[qqgalaxyca.com/id-ID/Home.html]
[qqgalaxyca.com/Content/Web/common/images/logo.png]
[backblue.gif]
[fade.gif]
[index.html]
[qqgalaxyca.com/Content/Web/common/images/wait_load.gif]
[qqgalaxyca.com/id-ID/Member/Forgotpassword.html]
[qqgalaxyca.com/id-ID/Member/Register.html]
[qqgalaxyca.com/id-ID/Home/Announcement.html]
[qqgalaxyca.com/id-ID/Help/RulesSportsbook.html]
[qqgalaxyca.com/id-ID/Home/Contact.html]
[qqgalaxyca.com/Content/Web/common/images/logod920.png]
[qqgalaxyca.com/id-ID/SportsBook.html]
[qqgalaxyca.com/id-ID/GamePage8697.html]
[qqgalaxyca.com/id-ID/GamePagee233.html]
[qqgalaxyca.com/id-ID/GamePage5099.html]
[qqgalaxyca.com/id-ID/GamePage9f13.html]
[qqgalaxyca.com/id-ID/GamePage4786.html]
[qqgalaxyca.com/id-ID/GamePage158c.html]
[qqgalaxyca.com/id-ID/Live-Casino.html]
[qqgalaxyca.com/id-ID/Live-Casino/LiveCasinoPpc.html]
[qqgalaxyca.com/id-ID/Live-Casino/LiveCasinoMgc.html]
[qqgalaxyca.com/id-ID/Live-Casino/LiveCasinoOgc.html]
[qqgalaxyca.com/id-ID/Live-Casino/LiveCasinoDg.html]
[qqgalaxyca.com/id-ID/Live-Casino/LiveCasinoBg.html]
[qqgalaxyca.com/id-ID/Live-Casino/LiveCasinoGp.html]
[qqgalaxyca.com/id-ID/Live-Casino/LiveCasinoOpc.html]
[qqgalaxyca.com/id-ID/Live-Casino/LiveCasinoAbc.html]
[qqgalaxyca.com/id-ID/Live-Casino/LiveCasinoAgc.html]
[qqgalaxyca.com/id-ID/Live-Casino/LiveCasinoPt.html]
[qqgalaxyca.com/id-ID/Live-Casino/LiveCasinoEbc.html]
[qqgalaxyca.com/id-ID/Live-Casino/LiveCasinoSec.html]
[qqgalaxyca.com/id-ID/Live-Casino/LiveCasinoEgc.html]
[qqgalaxyca.com/id-ID/Live-Casino/LiveCasinoSac.html]
[qqgalaxyca.com/id-ID/Live-Casino/LiveCasinoWmc.html]
[qqgalaxyca.com/id-ID/Slot-Games.html]
[qqgalaxyca.com/Content/Web/common/images/catch/3386E699611BF748EA73CDF4A3D0E40A75FD6C50.png]
[qqgalaxyca.com/id-ID/Slot-Games/SgsGames.html]
[qqgalaxyca.com/id-ID/Slot-Games/MgsGames.html]
[qqgalaxyca.com/Content/Web/common/images/catch/E99D2DED962538564EFD50CC8F9D6D87E911C288.png]
[qqgalaxyca.com/id-ID/Slot-Games/PpsGames.html]
[qqgalaxyca.com/id-ID/Slot-Games/BgsGames.html]
[qqgalaxyca.com/id-ID/Slot-Games/JksGames.html]
[qqgalaxyca.com/id-ID/Slot-Games/PgsGames.html]
[qqgalaxyca.com/id-ID/Slot-Games/YgsGames.html]
[qqgalaxyca.com/id-ID/Slot-Games/HbsGames.html]
[qqgalaxyca.com/id-ID/Slot-Games/CqsGames.html]
[qqgalaxyca.com/id-ID/Slot-Games/Ptegames.html]
[qqgalaxyca.com/id-ID/Slot-Games/TtgGames.html]
[qqgalaxyca.com/id-ID/Slot-Games/PssGames.html]
[qqgalaxyca.com/id-ID/Slot-Games/BssGames.html]
[qqgalaxyca.com/id-ID/Slot-Games/PrsGames.html]
[qqgalaxyca.com/id-ID/Slot-Games/AwdGames.html]
[qqgalaxyca.com/id-ID/Slot-Games/AesGames.html]
[qqgalaxyca.com/id-ID/Slot-Games/YdsGames.html]
[qqgalaxyca.com/id-ID/Slot-Games/SwsGames.html]
[qqgalaxyca.com/id-ID/Slot-Games/NesGames.html]
[qqgalaxyca.com/id-ID/Slot-Games/NssGames.html]
[qqgalaxyca.com/id-ID/Slot-Games/FssGames.html]
[qqgalaxyca.com/id-ID/Slot-Games/BnsGames.html]
[qqgalaxyca.com/id-ID/Slot-Games/JlsGames.html]
[qqgalaxyca.com/id-ID/Fishing-Games.html]
[qqgalaxyca.com/id-ID/Slot-Games/CgsGames.html]
[qqgalaxyca.com/Content/Web/common/images/catch/2DC7961DCBE9B52E171389AF2EE93E415A36FF47.png]
[qqgalaxyca.com/id-ID/Lottery.html]
[qqgalaxyca.com/id-ID/MaintenanceProviderfef2.html]
[qqgalaxyca.com/id-ID/GamePagec6d1.html]
[qqgalaxyca.com/id-ID/MaintenanceProvider208d.html]
[qqgalaxyca.com/id-ID/Promotion.html]
[qqgalaxyca.com/id-ID/Referral.html]
[qqgalaxyca.com/id-ID/VIP/About.html]
[qqgalaxyca.com/Content/Web/common/images/banner/img-reward-bn.jpg]
[qqgalaxyca.com/id-ID/Home/GetLiveChat.html]
[qqgalaxyca.com/Content/Web/common/images/license_logo_default.png]
[qqgalaxyca.com/id-ID/GamePage0235.html]
[qqgalaxyca.com/id-ID/GamePagef9e6.html]
[qqgalaxyca.com/id-ID/GamePaged8ec.html]
[qqgalaxyca.com/id-ID/GamePage50e1.html]
[qqgalaxyca.com/id-ID/GamePage426c.html]
[qqgalaxyca.com/id-ID/GamePagebfb6.html]
[qqgalaxyca.com/id-ID/GamePageffb6.html]
[qqgalaxyca.com/id-ID/GamePagec1d5.html]
[qqgalaxyca.com/id-ID/GamePage4982.html]
[qqgalaxyca.com/id-ID/GamePagec882.html]
[qqgalaxyca.com/id-ID/GamePage4694.html]
[qqgalaxyca.com/id-ID/GamePage650a.html]
[qqgalaxyca.com/id-ID/GamePagef091.html]
[qqgalaxyca.com/id-ID/GamePagedf3c.html]
[qqgalaxyca.com/id-ID/GamePage73db.html]
[qqgalaxyca.com/id-ID/MobileExplorec31b.html]
[qqgalaxyca.com/cdn-cgi/scripts/5c5dd728/cloudflare-static/email-decode.min.js]
[qqgalaxyca.com/id-ID/MobileExplore9e30.html]
[qqgalaxyca.com/Content/Web/Scripts/pages/Home400b.js]
[qqgalaxyca.com/id-ID/Home.html]
[qqgalaxyca.com/Content/Web/Scripts/pages/ProviderMaintenancePopup400b.js]
[qqgalaxyca.com/id-ID/Member/Forgotpassword.html]
[qqgalaxyca.com/id-ID/Member/VerificationCode.gif]
[qqgalaxyca.com/id-ID/Member/Register.html]
[qqgalaxyca.com/Content/Web/Scripts/pages/Register400b.js]
[qqgalaxyca.com/Content/Web/common/css/style.css]
[qqgalaxyca.com/Content/Web/common/css/theme.css]
[qqgalaxyca.com/Content/Web/common/css/site.css]
[qqgalaxyca.com/Content/Web/common/images/logo_21387.png]
[qqgalaxyca.com/id-ID/Home/Announcement.html]
[qqgalaxyca.com/Content/Web/common/css/style400b.css]
[qqgalaxyca.com/Content/Web/common/css/theme400b.css]
[qqgalaxyca.com/Content/Web/common/css/site400b.css]
[qqgalaxyca.com/id-ID/Help/About.html]
[qqgalaxyca.com/id-ID/Help/Security.html]
[qqgalaxyca.com/id-ID/Help/Payment.html]
[qqgalaxyca.com/id-ID/Help/Conditions.html]
[qqgalaxyca.com/id-ID/Help/Privacy.html]
[qqgalaxyca.com/id-ID/Help/Disclaimer.html]
[qqgalaxyca.com/id-ID/Help/Faq.html]
[qqgalaxyca.com/id-ID/Help/RulesCasino.html]
[qqgalaxyca.com/id-ID/Help/RulesEgames.html]
[qqgalaxyca.com/id-ID/Help/RulesLottery.html]
[qqgalaxyca.com/id-ID/Help/Promotion.html]
[qqgalaxyca.com/Content/Web/Scripts/libs/jquery/jquery400b.js]
[qqgalaxyca.com/Content/Web/Scripts/libs/jquery/plugin/jquery.cookie.js]
[qqgalaxyca.com/Content/Web/Scripts/libs/axios.min.js]
[qqgalaxyca.com/Content/Web/Scripts/base400b.js]
[qqgalaxyca.com/Content/Web/Scripts/pages/pagebase400b.js]
[qqgalaxyca.com/id-ID/Help/RulesSportsbook.html]
[qqgalaxyca.com/id-ID/Home/Contact.html]
[qqgalaxyca.com/Content/Web/Scripts/pages/Help400b.js]
[qqgalaxyca.com/id-ID/SportsBook.html]
[qqgalaxyca.com/id-ID/GamePage8697.html]
[qqgalaxyca.com/Content/Web/Scripts/pages/AccountHelpers5302.js]
[qqgalaxyca.com/id-ID/GamePagee233.html]
[qqgalaxyca.com/id-ID/GamePage5099.html]
[qqgalaxyca.com/id-ID/GamePage9f13.html]
[qqgalaxyca.com/id-ID/GamePage4786.html]
[qqgalaxyca.com/id-ID/GamePage158c.html]
[qqgalaxyca.com/Content/Web/Scripts/pages/Transfer5302.js]
[qqgalaxyca.com/id-ID/Live-Casino.html]
[qqgalaxyca.com/id-ID/Live-Casino/LiveCasinoPpc.html]
[qqgalaxyca.com/id-ID/Live-Casino/LiveCasinoMgc.html]
[qqgalaxyca.com/id-ID/Live-Casino/LiveCasinoOgc.html]
[qqgalaxyca.com/id-ID/Live-Casino/LiveCasinoDg.html]
[qqgalaxyca.com/id-ID/Live-Casino/LiveCasinoBg.html]
[qqgalaxyca.com/id-ID/Live-Casino/LiveCasinoGp.html]
[qqgalaxyca.com/id-ID/Live-Casino/LiveCasinoOpc.html]
[qqgalaxyca.com/id-ID/Live-Casino/LiveCasinoAbc.html]
[qqgalaxyca.com/id-ID/Live-Casino/LiveCasinoAgc.html]
[qqgalaxyca.com/id-ID/Live-Casino/LiveCasinoPt.html]
[qqgalaxyca.com/id-ID/Live-Casino/LiveCasinoEbc.html]
[qqgalaxyca.com/id-ID/Live-Casino/LiveCasinoSec.html]
[qqgalaxyca.com/id-ID/Live-Casino/LiveCasinoEgc.html]
[qqgalaxyca.com/id-ID/Live-Casino/LiveCasinoSac.html]
[qqgalaxyca.com/id-ID/Live-Casino/LiveCasinoWmc.html]
[qqgalaxyca.com/id-ID/Slot-Games.html]
[qqgalaxyca.com/id-ID/Slot-Games/SgsGames.html]
[qqgalaxyca.com/id-ID/Slot-Games/MgsGames.html]
[qqgalaxyca.com/id-ID/Slot-Games/PpsGames.html]
[qqgalaxyca.com/id-ID/Slot-Games/BgsGames.html]
[qqgalaxyca.com/id-ID/Slot-Games/JksGames.html]
[qqgalaxyca.com/id-ID/Slot-Games/PgsGames.html]
[qqgalaxyca.com/id-ID/Slot-Games/YgsGames.html]
[qqgalaxyca.com/id-ID/Slot-Games/HbsGames.html]
[qqgalaxyca.com/id-ID/Slot-Games/CqsGames.html]
[qqgalaxyca.com/id-ID/Slot-Games/Ptegames.html]
[qqgalaxyca.com/id-ID/Slot-Games/TtgGames.html]
[qqgalaxyca.com/id-ID/Slot-Games/BssGames.html]
[qqgalaxyca.com/id-ID/Slot-Games/PssGames.html]
[qqgalaxyca.com/id-ID/Slot-Games/PrsGames.html]
[qqgalaxyca.com/id-ID/Slot-Games/AwdGames.html]
[qqgalaxyca.com/id-ID/Slot-Games/YdsGames.html]
[qqgalaxyca.com/id-ID/Slot-Games/AesGames.html]
[qqgalaxyca.com/id-ID/Slot-Games/SwsGames.html]
[qqgalaxyca.com/id-ID/Slot-Games/NesGames.html]
[qqgalaxyca.com/id-ID/Slot-Games/NssGames.html]
[qqgalaxyca.com/id-ID/Slot-Games/FssGames.html]
[qqgalaxyca.com/id-ID/Slot-Games/BnsGames.html]
[qqgalaxyca.com/id-ID/Slot-Games/JlsGames.html]
[qqgalaxyca.com/id-ID/Slot-Games/CgsGames.html]
[qqgalaxyca.com/id-ID/Fishing-Games.html]
[qqgalaxyca.com/id-ID/Lottery.html]
[qqgalaxyca.com/Content/Web/common/images/maintenance_provi_pic.png]
[qqgalaxyca.com/id-ID/MaintenanceProviderfef2.html]
[qqgalaxyca.com/id-ID/GamePagec6d1.html]
[qqgalaxyca.com/id-ID/MaintenanceProvider208d.html]
[qqgalaxyca.com/id-ID/Promotion.html]
[qqgalaxyca.com/id-ID/Referral.html]
[qqgalaxyca.com/id-ID/Member/Register/indexa0d9.html]
[qqgalaxyca.com/Views/VIP/common/css/layout400b.css]
[qqgalaxyca.com/Views/VIP/common/css/theme400b.css]
[qqgalaxyca.com/Views/VIP/common/css/site400b.css]
[qqgalaxyca.com/Views/VIP/common/images/vip_logo_default.png]
[qqgalaxyca.com/id-ID/VIP/Privileges.html]
[qqgalaxyca.com/id-ID/VIP/Terms.html]
[qqgalaxyca.com/id-ID/VIP/Contactus.html]
[qqgalaxyca.com/id-ID/VIP/About.html]
[qqgalaxyca.com/id-ID/Home/GetLiveChat.html]
[qqgalaxyca.com/id-ID/GamePage0235.html]
[qqgalaxyca.com/id-ID/GamePagef9e6.html]
[qqgalaxyca.com/id-ID/GamePaged8ec.html]
[qqgalaxyca.com/id-ID/GamePage50e1.html]
[qqgalaxyca.com/id-ID/GamePage426c.html]
[qqgalaxyca.com/id-ID/GamePagebfb6.html]
[qqgalaxyca.com/id-ID/GamePageffb6.html]
[qqgalaxyca.com/id-ID/GamePagec1d5.html]
[qqgalaxyca.com/id-ID/GamePage4982.html]
[qqgalaxyca.com/id-ID/GamePagec882.html]
[qqgalaxyca.com/id-ID/GamePage4694.html]
[qqgalaxyca.com/id-ID/GamePage650a.html]
[qqgalaxyca.com/id-ID/GamePagef091.html]
[qqgalaxyca.com/id-ID/GamePagedf3c.html]
[qqgalaxyca.com/id-ID/GamePage73db.html]
[qqgalaxyca.com/Views/VIP/common/scripts/vip400b.js]
[qqgalaxyca.com/Content/Web/common/images/catch/68EE4795B53888474BE1CAD002256CD12F45B362.jpg]
[qqgalaxyca.com/Content/Web/common/images/mobile/QRcode_egames_Joker.png]
[qqgalaxyca.com/Content/Web/common/images/catch/FECB3E185AE6E1AD2F8C5DAF4E8DC34AD9D10E5D.png]
[qqgalaxyca.com/Content/Web/common/images/mobile/QRcode_casino_dgc.jpg]
[qqgalaxyca.com/Content/Web/common/images/catch/0BC31FC2AD7A493BA52AA490ECD9E4B81B5C7EB7.png]
[qqgalaxyca.com/Content/Web/common/images/mobile/QRcode_casino_gpc.jpg]
[qqgalaxyca.com/id-ID/MobileExplorec31b.html]
[qqgalaxyca.com/id-ID/MobileExplore9e30.html]
[qqgalaxyca.com/Content/Web/common/images/icon_main.png]
[qqgalaxyca.com/Content/Web/common/images/icon/registering-icon.png]
[qqgalaxyca.com/Content/Web/common/images/close_icon.png]
[qqgalaxyca.com/Content/Web/common/images/icon_download.png]
[qqgalaxyca.com/Content/Web/common/images/reward/prize_1st.png]
[qqgalaxyca.com/Content/Web/common/images/reward/prize_2st.png]
[qqgalaxyca.com/Content/Web/common/images/reward/prize_3st.png]
[qqgalaxyca.com/Content/Web/common/images/icon_level.png]
[qqgalaxyca.com/Content/Web/common/images/lang_sprite@2x.png]
[qqgalaxyca.com/Content/Web/common/images/pagetop.png]
[qqgalaxyca.com/Content/Web/common/images/ico_reco.png]
[qqgalaxyca.com/Content/Web/common/images/icon_contactus.png]
[qqgalaxyca.com/Content/Web/common/images/language.png]
[qqgalaxyca.com/Content/Web/common/images/icon_spirit.png]
[qqgalaxyca.com/Content/Web/common/images/icon_nav.png]
[qqgalaxyca.com/Content/Web/common/images/icon_menu.png]
[qqgalaxyca.com/Content/Web/common/images/hm_progressivejp.gif]
[qqgalaxyca.com/Content/Web/common/images/onlineuser_icon.png]
[qqgalaxyca.com/Content/Web/common/images/icon_member_service.png]
[qqgalaxyca.com/Content/Web/common/images/numbers.png]
[qqgalaxyca.com/Content/Web/common/images/icon-signal.png]
[qqgalaxyca.com/Content/Web/common/images/paymentbank/cny_sprite.png]
[qqgalaxyca.com/Content/Web/common/images/paymentbank/idr_sprite.png]
[qqgalaxyca.com/Content/Web/common/images/paymentbank/myr_sprite.png]
[qqgalaxyca.com/Content/Web/common/images/paymentbank/thb_sprite.png]
[qqgalaxyca.com/Content/Web/common/images/paymentbank/usd_sprite.png]
[qqgalaxyca.com/Content/Web/common/images/paymentbank/krw_sprite.png]
[qqgalaxyca.com/Content/Web/common/images/icon-livehelp-dld.png]
[qqgalaxyca.com/Content/Web/common/images/icon-livehelp-contact.png]
[qqgalaxyca.com/Content/Web/common/images/icon-livehelp-arrow.png]
[qqgalaxyca.com/Content/Web/common/images/icon-livehelp-24-7.png]
[qqgalaxyca.com/Content/Web/common/images/maintenance_pic.png]
[qqgalaxyca.com/Content/Web/common/images/sg_jackpot.gif]
[qqgalaxyca.com/Content/Web/common/images/icon_correct.png]
[qqgalaxyca.com/Content/Web/common/images/icon_mistake.png]
[qqgalaxyca.com/Content/Web/common/images/transfer_load.gif]
[qqgalaxyca.com/Content/Web/common/images/icon_refresh.png]
[qqgalaxyca.com/Content/Web/common/images/srv_warning.png]
[qqgalaxyca.com/Content/Web/common/images/maintenance.png]
[qqgalaxyca.com/Content/Web/common/images/icon_contact.png]
[qqgalaxyca.com/Content/Web/common/images/restrict_bg.jpg]
[qqgalaxyca.com/Content/Web/common/images/reward/prize_1.png]
[qqgalaxyca.com/Content/Web/common/images/reward/prize_2.png]
[qqgalaxyca.com/Content/Web/common/images/reward/prize_3.png]
[qqgalaxyca.com/Content/Web/common/images/shape.png]
[qqgalaxyca.com/Content/Web/common/images/bg_01.png]
[qqgalaxyca.com/Content/Web/common/images/loading.gif]
[qqgalaxyca.com/Content/Web/common/images/icon_share.png]
[qqgalaxyca.com/Content/Web/common/images/maintenance_provi_bg.jpg]
[qqgalaxyca.com/Content/Web/common/images/icon_browser.png]
[qqgalaxyca.com/Content/Web/common/css/style.css]
[qqgalaxyca.com/Content/Web/common/css/dark_nav.css]
[qqgalaxyca.com/Content/Web/common/images/main_bg.jpg]
[qqgalaxyca.com/Content/Web/common/css/theme.css]
[qqgalaxyca.com/Content/Web/common/css/site.css]
[qqgalaxyca.com/Content/Web/common/css/style400b.css]
[qqgalaxyca.com/Content/Web/common/css/theme400b.css]
[qqgalaxyca.com/Content/Web/common/css/site400b.css]
[qqgalaxyca.com/id-ID/Help/About.html]
[qqgalaxyca.com/id-ID/Help/Security.html]
[qqgalaxyca.com/id-ID/Help/Payment.html]
[qqgalaxyca.com/id-ID/Help/Conditions.html]
[qqgalaxyca.com/id-ID/Help/Privacy.html]
[qqgalaxyca.com/id-ID/Help/Disclaimer.html]
[qqgalaxyca.com/id-ID/Help/Faq.html]
[qqgalaxyca.com/id-ID/Help/RulesCasino.html]
[qqgalaxyca.com/id-ID/Help/RulesEgames.html]
[qqgalaxyca.com/id-ID/Help/RulesLottery.html]
[qqgalaxyca.com/id-ID/Help/Promotion.html]
[qqgalaxyca.com/id-ID/Member/Register/indexa0d9.html]
[qqgalaxyca.com/Views/VIP/common/images/bg.jpg]
[qqgalaxyca.com/Views/VIP/common/images/bg_01.png]
[qqgalaxyca.com/Views/VIP/common/images/about_bg.png]
[qqgalaxyca.com/Views/VIP/common/images/chip.png]
[qqgalaxyca.com/Views/VIP/common/images/terms.png]
[qqgalaxyca.com/Views/VIP/common/css/layout400b.css]
[qqgalaxyca.com/Views/VIP/common/css/theme400b.css]
[qqgalaxyca.com/Views/VIP/common/css/site400b.css]
[qqgalaxyca.com/Views/VIP/common/images/tick.png]
[qqgalaxyca.com/Views/VIP/common/images/cross.png]
[qqgalaxyca.com/id-ID/VIP/Privileges.html]
[qqgalaxyca.com/id-ID/VIP/Terms.html]
[qqgalaxyca.com/id-ID/VIP/Contactus.html]
[qqgalaxyca.com/Content/Web/common/images/icon_nav_black.png]
[qqgalaxyca.com/Content/Web/common/css/dark_nav.css]
